[ElectricityMarketEnv] obs_dim=19 (history_len=1, features/step=19; mode=full, past_gen=True, prev_reward=True, demand_shock=±$0.00) | baseline avg LMP=$36.41
==============================================================================
DISCRETE COURNOT GAME -- NETWORKED MARKET  [MARKET_CONFIG=three_firm_dist]
==============================================================================
agents=3  plants=3  k=15  |A_i|=15 each  profiles=3375  |S|(perfect)=3375
xi=0.2  h=2  m=8.0  deterministic=False  price node=1  nash_mode=br

Continuous benchmarks (repo solvers, per PLANT):
  competitive  gen= 395.44  avgLMP=$ 27.03  pi=$ 1831.01  plants=[118.44, 138.76, 138.24]
  nash         gen= 207.63  avgLMP=$ 58.13  pi=$ 8089.31  plants=[61.86, 107.55, 38.21]
  monopoly     gen= 213.40  avgLMP=$ 57.16  pi=$ 8168.66  plants=[71.68, 72.68, 69.05]
  nash(BR)     gen= 306.63  avgLMP=$ 41.83  pi=$ 6514.81  plants=[100.03, 102.06, 104.54]
  mono(direct) gen= 213.40  avgLMP=$ 57.16  pi=$ 8168.56  plants=[71.68, 72.69, 69.03]
    (MPEC monopoly earns $8168.56; grid centred on the DIRECT solution)

  ^ the LCP 'nash' is NOT an equilibrium of the game the algorithms play:
    it gives each firm its OWN node's inverse-demand slope, which is only
    right when that node is islanded by congestion. Measured max unilateral
    deviation gain at the LCP point: $1,287.58 (at the BR point: $0.00).
    Delta is measured against nash(BR).

Per-firm action grid (TOTAL MW; internal split = least-cost dispatch):
  firm 0 (plants [0], nodes [0], cap 135): [  66.01 ...  105.70] step  2.83   (q^M= 71.68, q^N=100.03)
  firm 1 (plants [1], nodes [1], cap 145): [  66.81 ...  107.93] step  2.94   (q^M= 72.69, q^N=102.06)
  firm 2 (plants [2], nodes [2], cap 155): [  61.93 ...  111.64] step  3.55   (q^M= 69.03, q^N=104.54)
  max |shadow price| over the whole grid: 15.5
    ^ every firm owns ONE plant, so there is no internal split to make and congestion is simply part of the payoff

Imperfect monitoring:
  intercept shock u = +/- 4.283 $/MWh  (levels [-4.28, 4.28])
  price impact of ONE output step (3.11 MW) = $0.535/MWh -> shock = 8 steps (paper m=8)
  hub LMP (node 1) $33.74 - $64.56 in 51 bins of $0.616
  non-revealing price states: measured 0.962 (paper closed form: 0.568)

Grid benchmarks (these define Delta):
  nash      a=[12, 12, 12] gen= 306.63  hubP=$ 41.24  pi=$ 6514.81  firms=[2174.1, 2184.9, 2155.8]
            plants=[100.03, 102.06, 104.54]
  monopoly  a=[2, 2, 2] gen= 213.40  hubP=$ 57.16  pi=$ 8168.56  firms=[2790.9, 2793.6, 2584.1]
            plants=[71.68, 72.69, 69.03]
  pure NE (1 found)
  Nash->Monopoly profit gap: $1653.8 (25.4%)
  per-firm cartel IR margins: [616.8, 608.7, 428.3] (ALL POSITIVE)
==============================================================================

>>> imperfect_stochastic_d095: monitoring=imperfect (price bins (|S| = 51)), sessions=500, alpha=0.15, beta=4e-06, delta=0.95

    t=  100,000  eps=0.6703  learning= 500/500  q=[ 93.3  97.3 100.7]  Delta=+0.264  [271s]
    t=  200,000  eps=0.4493  learning= 500/500  q=[91.9 95.3 99. ]  Delta=+0.335  [534s]
    t=  300,000  eps=0.3012  learning= 500/500  q=[91.2 94.3 98.2]  Delta=+0.370  [874s]
    t=  400,000  eps=0.2019  learning= 500/500  q=[90.9 93.8 98. ]  Delta=+0.385  [1185s]
    t=  500,000  eps=0.1353  learning= 500/500  q=[90.8 93.4 98.1]  Delta=+0.396  [1443s]
    t=  600,000  eps=0.0907  learning= 500/500  q=[90.8 93.3 97.2]  Delta=+0.410  [1758s]
    t=  700,000  eps=0.0608  learning= 500/500  q=[90.6 92.6 96.7]  Delta=+0.429  [2095s]
    t=  800,000  eps=0.0408  learning= 500/500  q=[90.  92.1 96.3]  Delta=+0.454  [2405s]
    t=  900,000  eps=0.0273  learning= 500/500  q=[89.  91.1 95.5]  Delta=+0.492  [2726s]
    t=1,000,000  eps=0.0183  learning= 500/500  q=[88.3 90.2 94.8]  Delta=+0.525  [3059s]
    t=1,100,000  eps=0.0123  learning= 500/500  q=[88.1 89.6 94.1]  Delta=+0.545  [3353s]
    t=1,200,000  eps=0.0082  learning= 500/500  q=[87.  89.1 93.2]  Delta=+0.578  [3567s]
    t=1,300,000  eps=0.0055  learning= 500/500  q=[86.4 88.3 93. ]  Delta=+0.602  [3829s]
    t=1,400,000  eps=0.0037  learning= 499/500  q=[85.7 87.6 92.4]  Delta=+0.624  [4418s]
    t=1,500,000  eps=0.0025  learning= 496/500  q=[85.7 87.1 92.2]  Delta=+0.637  [5945s]
    t=1,600,000  eps=0.0017  learning= 491/500  q=[85.2 86.9 92. ]  Delta=+0.649  [6729s]
    t=1,700,000  eps=0.0011  learning= 454/500  q=[85.4 86.9 91.7]  Delta=+0.650  [7197s]
    t=1,800,000  eps=0.0007  learning= 402/500  q=[85.  86.8 91.3]  Delta=+0.661  [7292s]
    t=1,900,000  eps=0.0005  learning= 326/500  q=[84.8 86.6 91.1]  Delta=+0.672  [7390s]
    t=2,000,000  eps=0.0003  learning= 250/500  q=[84.7 86.4 91.1]  Delta=+0.675  [7476s]
    t=2,100,000  eps=0.0002  learning= 184/500  q=[84.5 86.3 91. ]  Delta=+0.680  [7595s]
    t=2,200,000  eps=0.0002  learning= 135/500  q=[84.5 86.3 90.9]  Delta=+0.681  [7919s]
    t=2,300,000  eps=0.0001  learning=  81/500  q=[84.5 86.3 90.9]  Delta=+0.681  [8212s]
    t=2,400,000  eps=0.0001  learning=  50/500  q=[84.4 86.3 90.9]  Delta=+0.683  [8515s]
    t=2,500,000  eps=0.0000  learning=  24/500  q=[84.4 86.3 90.9]  Delta=+0.683  [8770s]
    t=2,600,000  eps=0.0000  learning=   8/500  q=[84.4 86.3 90.9]  Delta=+0.684  [9025s]
    t=2,700,000  eps=0.0000  learning=   4/500  q=[84.4 86.3 90.9]  Delta=+0.683  [9265s]
    t=2,800,000  eps=0.0000  learning=   3/500  q=[84.4 86.3 90.9]  Delta=+0.683  [9454s]
    t=2,900,000  eps=0.0000  learning=   1/500  q=[84.4 86.3 90.9]  Delta=+0.684  [9703s]

=== imperfect_stochastic_d095 DONE in 164.0 min ===
  sessions converged      : 100.0% (median at 2,000,442 iterations)
  DELTA (profit gain)     : 68.32%  (+/- 0.37 s.e.)
  Delta per firm          : [54.8, 60.0, 99.7] %
  total generation        : 261.6 MW   (Nash 306.6 -> Monopoly 213.4)
  hub LMP                 : $49.08      (Nash $41.24 -> Monopoly $57.16)
  qty-weighted avg LMP    : $49.21
  non-revealing prices    : 0.962
