[ElectricityMarketEnv] obs_dim=19 (history_len=1, features/step=19; mode=full, past_gen=True, prev_reward=True, demand_shock=±$0.00) | baseline avg LMP=$36.41
==============================================================================
DISCRETE COURNOT GAME -- NETWORKED MARKET  [MARKET_CONFIG=three_firm_dist]
==============================================================================
agents=3  plants=3  k=15  |A_i|=15 each  profiles=3375  |S|(perfect)=3375
xi=0.2  h=2  m=8.0  deterministic=False  price node=1  nash_mode=br

Continuous benchmarks (repo solvers, per PLANT):
  competitive  gen= 395.44  avgLMP=$ 27.03  pi=$ 1831.01  plants=[118.44, 138.76, 138.24]
  nash         gen= 207.63  avgLMP=$ 58.13  pi=$ 8089.31  plants=[61.86, 107.55, 38.21]
  monopoly     gen= 213.40  avgLMP=$ 57.16  pi=$ 8168.66  plants=[71.68, 72.68, 69.05]
  nash(BR)     gen= 306.63  avgLMP=$ 41.83  pi=$ 6514.81  plants=[100.03, 102.06, 104.54]
  mono(direct) gen= 213.40  avgLMP=$ 57.16  pi=$ 8168.56  plants=[71.68, 72.69, 69.03]
    (MPEC monopoly earns $8168.56; grid centred on the DIRECT solution)

  ^ the LCP 'nash' is NOT an equilibrium of the game the algorithms play:
    it gives each firm its OWN node's inverse-demand slope, which is only
    right when that node is islanded by congestion. Measured max unilateral
    deviation gain at the LCP point: $1,287.58 (at the BR point: $0.00).
    Delta is measured against nash(BR).

Per-firm action grid (TOTAL MW; internal split = least-cost dispatch):
  firm 0 (plants [0], nodes [0], cap 135): [  66.01 ...  105.70] step  2.83   (q^M= 71.68, q^N=100.03)
  firm 1 (plants [1], nodes [1], cap 145): [  66.81 ...  107.93] step  2.94   (q^M= 72.69, q^N=102.06)
  firm 2 (plants [2], nodes [2], cap 155): [  61.93 ...  111.64] step  3.55   (q^M= 69.03, q^N=104.54)
  max |shadow price| over the whole grid: 15.5
    ^ every firm owns ONE plant, so there is no internal split to make and congestion is simply part of the payoff

Imperfect monitoring:
  intercept shock u = +/- 4.283 $/MWh  (levels [-4.28, 4.28])
  price impact of ONE output step (3.11 MW) = $0.535/MWh -> shock = 8 steps (paper m=8)
  hub LMP (node 1) $33.74 - $64.56 in 51 bins of $0.616
  non-revealing price states: measured 0.962 (paper closed form: 0.568)

Grid benchmarks (these define Delta):
  nash      a=[12, 12, 12] gen= 306.63  hubP=$ 41.24  pi=$ 6514.81  firms=[2174.1, 2184.9, 2155.8]
            plants=[100.03, 102.06, 104.54]
  monopoly  a=[2, 2, 2] gen= 213.40  hubP=$ 57.16  pi=$ 8168.56  firms=[2790.9, 2793.6, 2584.1]
            plants=[71.68, 72.69, 69.03]
  pure NE (1 found)
  Nash->Monopoly profit gap: $1653.8 (25.4%)
  per-firm cartel IR margins: [616.8, 608.7, 428.3] (ALL POSITIVE)
==============================================================================

>>> imperfect_stochastic_d099: monitoring=imperfect (price bins (|S| = 51)), sessions=500, alpha=0.15, beta=4e-06, delta=0.99

    t=  100,000  eps=0.6703  learning= 500/500  q=[ 93.3  97.3 100.6]  Delta=+0.267  [271s]
    t=  200,000  eps=0.4493  learning= 500/500  q=[91.  94.  97.6]  Delta=+0.376  [535s]
    t=  300,000  eps=0.3012  learning= 500/500  q=[90.  92.7 95.9]  Delta=+0.424  [877s]
    t=  400,000  eps=0.2019  learning= 500/500  q=[89.4 92.  95.2]  Delta=+0.451  [1192s]
    t=  500,000  eps=0.1353  learning= 500/500  q=[89.  91.5 94.9]  Delta=+0.467  [1455s]
    t=  600,000  eps=0.0907  learning= 500/500  q=[88.8 91.1 94.6]  Delta=+0.478  [1776s]
    t=  700,000  eps=0.0608  learning= 500/500  q=[88.2 90.6 95.4]  Delta=+0.484  [2113s]
    t=  800,000  eps=0.0408  learning= 500/500  q=[87.6 89.9 97.6]  Delta=+0.477  [2432s]
    t=  900,000  eps=0.0273  learning= 500/500  q=[87.4 89.  96.8]  Delta=+0.503  [2752s]
    t=1,000,000  eps=0.0183  learning= 500/500  q=[87.7 89.2 94.8]  Delta=+0.523  [3095s]
    t=1,100,000  eps=0.0123  learning= 499/500  q=[87.1 88.4 92.6]  Delta=+0.570  [3377s]
    t=1,200,000  eps=0.0082  learning= 497/500  q=[86.3 87.9 91.6]  Delta=+0.595  [3594s]
    t=1,300,000  eps=0.0055  learning= 490/500  q=[85.4 87.  90.5]  Delta=+0.636  [3876s]
    t=1,400,000  eps=0.0037  learning= 455/500  q=[84.  85.7 89.1]  Delta=+0.684  [4448s]
    t=1,500,000  eps=0.0025  learning= 393/500  q=[83.3 85.  88.2]  Delta=+0.712  [6236s]
    t=1,600,000  eps=0.0017  learning= 308/500  q=[82.5 84.4 87.5]  Delta=+0.737  [6757s]
    t=1,700,000  eps=0.0011  learning= 235/500  q=[81.6 83.4 86.7]  Delta=+0.769  [7206s]
    t=1,800,000  eps=0.0007  learning= 166/500  q=[81.5 83.2 86.6]  Delta=+0.773  [7300s]
    t=1,900,000  eps=0.0005  learning= 120/500  q=[81.3 83.  86.3]  Delta=+0.781  [7398s]
    t=2,000,000  eps=0.0003  learning=  86/500  q=[81.1 82.8 86.1]  Delta=+0.789  [7482s]
    t=2,100,000  eps=0.0002  learning=  55/500  q=[81.  82.7 86. ]  Delta=+0.792  [7614s]
    t=2,200,000  eps=0.0002  learning=  29/500  q=[81.  82.7 86. ]  Delta=+0.793  [7931s]
    t=2,300,000  eps=0.0001  learning=  17/500  q=[81.  82.7 86. ]  Delta=+0.793  [8216s]
    t=2,400,000  eps=0.0001  learning=   9/500  q=[81.  82.6 86. ]  Delta=+0.793  [8514s]
    t=2,500,000  eps=0.0000  learning=   6/500  q=[80.9 82.6 86. ]  Delta=+0.794  [8765s]
    t=2,600,000  eps=0.0000  learning=   1/500  q=[80.9 82.6 86. ]  Delta=+0.794  [9016s]

=== imperfect_stochastic_d099 DONE in 152.2 min ===
  sessions converged      : 100.0% (median at 1,680,559 iterations)
  DELTA (profit gain)     : 79.36%  (+/- 0.44 s.e.)
  Delta per firm          : [66.8, 71.1, 109.2] %
  total generation        : 249.6 MW   (Nash 306.6 -> Monopoly 213.4)
  hub LMP                 : $51.10      (Nash $41.24 -> Monopoly $57.16)
  qty-weighted avg LMP    : $51.18
  non-revealing prices    : 0.962
