[ElectricityMarketEnv] obs_dim=19 (history_len=1, features/step=19; mode=full, past_gen=True, prev_reward=True, demand_shock=±$0.00) | baseline avg LMP=$36.41
==============================================================================
DISCRETE COURNOT GAME -- NETWORKED MARKET  [MARKET_CONFIG=three_firm_dist]
==============================================================================
agents=3  plants=3  k=15  |A_i|=15 each  profiles=3375  |S|(perfect)=3375
xi=0.2  h=2  m=8.0  deterministic=False  price node=1  nash_mode=br

Continuous benchmarks (repo solvers, per PLANT):
  competitive  gen= 395.44  avgLMP=$ 27.03  pi=$ 1831.01  plants=[118.44, 138.76, 138.24]
  nash         gen= 207.63  avgLMP=$ 58.13  pi=$ 8089.31  plants=[61.86, 107.55, 38.21]
  monopoly     gen= 213.40  avgLMP=$ 57.16  pi=$ 8168.66  plants=[71.68, 72.68, 69.05]
  nash(BR)     gen= 306.63  avgLMP=$ 41.83  pi=$ 6514.81  plants=[100.03, 102.06, 104.54]
  mono(direct) gen= 213.40  avgLMP=$ 57.16  pi=$ 8168.56  plants=[71.68, 72.69, 69.03]
    (MPEC monopoly earns $8168.56; grid centred on the DIRECT solution)

  ^ the LCP 'nash' is NOT an equilibrium of the game the algorithms play:
    it gives each firm its OWN node's inverse-demand slope, which is only
    right when that node is islanded by congestion. Measured max unilateral
    deviation gain at the LCP point: $1,287.58 (at the BR point: $0.00).
    Delta is measured against nash(BR).

Per-firm action grid (TOTAL MW; internal split = least-cost dispatch):
  firm 0 (plants [0], nodes [0], cap 135): [  66.01 ...  105.70] step  2.83   (q^M= 71.68, q^N=100.03)
  firm 1 (plants [1], nodes [1], cap 145): [  66.81 ...  107.93] step  2.94   (q^M= 72.69, q^N=102.06)
  firm 2 (plants [2], nodes [2], cap 155): [  61.93 ...  111.64] step  3.55   (q^M= 69.03, q^N=104.54)
  max |shadow price| over the whole grid: 15.5
    ^ every firm owns ONE plant, so there is no internal split to make and congestion is simply part of the payoff

Imperfect monitoring:
  intercept shock u = +/- 4.283 $/MWh  (levels [-4.28, 4.28])
  price impact of ONE output step (3.11 MW) = $0.535/MWh -> shock = 8 steps (paper m=8)
  hub LMP (node 1) $33.74 - $64.56 in 51 bins of $0.616
  non-revealing price states: measured 0.962 (paper closed form: 0.568)

Grid benchmarks (these define Delta):
  nash      a=[12, 12, 12] gen= 306.63  hubP=$ 41.24  pi=$ 6514.81  firms=[2174.1, 2184.9, 2155.8]
            plants=[100.03, 102.06, 104.54]
  monopoly  a=[2, 2, 2] gen= 213.40  hubP=$ 57.16  pi=$ 8168.56  firms=[2790.9, 2793.6, 2584.1]
            plants=[71.68, 72.69, 69.03]
  pure NE (1 found)
  Nash->Monopoly profit gap: $1653.8 (25.4%)
  per-firm cartel IR margins: [616.8, 608.7, 428.3] (ALL POSITIVE)
==============================================================================

>>> imperfect_stochastic_d09: monitoring=imperfect (price bins (|S| = 51)), sessions=500, alpha=0.15, beta=4e-06, delta=0.9

    t=  100,000  eps=0.6703  learning= 500/500  q=[ 93.5  97.7 101. ]  Delta=+0.252  [272s]
    t=  200,000  eps=0.4493  learning= 500/500  q=[92.4 96.  99.8]  Delta=+0.311  [536s]
    t=  300,000  eps=0.3012  learning= 500/500  q=[91.9 95.1 98.9]  Delta=+0.346  [876s]
    t=  400,000  eps=0.2019  learning= 500/500  q=[91.4 94.2 98.5]  Delta=+0.373  [1188s]
    t=  500,000  eps=0.1353  learning= 500/500  q=[91.  93.7 98. ]  Delta=+0.394  [1447s]
    t=  600,000  eps=0.0907  learning= 500/500  q=[90.8 93.1 97.7]  Delta=+0.411  [1763s]
    t=  700,000  eps=0.0608  learning= 500/500  q=[90.4 92.6 97.4]  Delta=+0.428  [2099s]
    t=  800,000  eps=0.0408  learning= 500/500  q=[90.  91.9 96.9]  Delta=+0.451  [2411s]
    t=  900,000  eps=0.0273  learning= 500/500  q=[89.5 91.2 96.6]  Delta=+0.472  [2732s]
    t=1,000,000  eps=0.0183  learning= 500/500  q=[88.8 90.6 95.6]  Delta=+0.505  [3067s]
    t=1,100,000  eps=0.0123  learning= 500/500  q=[88.5 90.  95.1]  Delta=+0.524  [3359s]
    t=1,200,000  eps=0.0082  learning= 500/500  q=[88.  89.6 94.5]  Delta=+0.546  [3575s]
    t=1,300,000  eps=0.0055  learning= 500/500  q=[87.5 89.2 94. ]  Delta=+0.566  [3844s]
    t=1,400,000  eps=0.0037  learning= 500/500  q=[86.9 88.7 93.4]  Delta=+0.587  [4430s]
    t=1,500,000  eps=0.0025  learning= 500/500  q=[87.  88.4 93.4]  Delta=+0.592  [5956s]
    t=1,600,000  eps=0.0017  learning= 500/500  q=[86.8 88.4 93.4]  Delta=+0.596  [6744s]
    t=1,700,000  eps=0.0011  learning= 499/500  q=[86.5 88.  93.3]  Delta=+0.607  [7204s]
    t=1,800,000  eps=0.0007  learning= 494/500  q=[86.4 87.9 93.3]  Delta=+0.611  [7299s]
    t=1,900,000  eps=0.0005  learning= 475/500  q=[86.3 87.9 93.2]  Delta=+0.614  [7399s]
    t=2,000,000  eps=0.0003  learning= 436/500  q=[86.2 87.7 93. ]  Delta=+0.622  [7484s]
    t=2,100,000  eps=0.0002  learning= 376/500  q=[86.1 87.6 93. ]  Delta=+0.626  [7624s]
    t=2,200,000  eps=0.0002  learning= 310/500  q=[86.  87.5 92.8]  Delta=+0.631  [7951s]
    t=2,300,000  eps=0.0001  learning= 239/500  q=[86.1 87.5 92.8]  Delta=+0.630  [8242s]
    t=2,400,000  eps=0.0001  learning= 169/500  q=[86.  87.3 92.8]  Delta=+0.632  [8543s]
    t=2,500,000  eps=0.0000  learning= 108/500  q=[86.  87.3 92.8]  Delta=+0.635  [8801s]
    t=2,600,000  eps=0.0000  learning=  64/500  q=[86.  87.3 92.8]  Delta=+0.635  [9057s]
    t=2,700,000  eps=0.0000  learning=  33/500  q=[85.9 87.3 92.7]  Delta=+0.635  [9290s]
    t=2,800,000  eps=0.0000  learning=  23/500  q=[85.9 87.3 92.8]  Delta=+0.636  [9484s]
    t=2,900,000  eps=0.0000  learning=   8/500  q=[85.9 87.3 92.7]  Delta=+0.636  [9740s]
    t=3,000,000  eps=0.0000  learning=   2/500  q=[85.9 87.3 92.7]  Delta=+0.636  [9905s]
    t=3,100,000  eps=0.0000  learning=   1/500  q=[85.9 87.2 92.7]  Delta=+0.636  [10045s]

=== imperfect_stochastic_d09 DONE in 169.3 min ===
  sessions converged      : 100.0% (median at 2,288,358 iterations)
  DELTA (profit gain)     : 63.62%  (+/- 0.34 s.e.)
  Delta per firm          : [50.6, 54.2, 95.7] %
  total generation        : 265.9 MW   (Nash 306.6 -> Monopoly 213.4)
  hub LMP                 : $48.36      (Nash $41.24 -> Monopoly $57.16)
  qty-weighted avg LMP    : $48.51
  non-revealing prices    : 0.962
