[ElectricityMarketEnv] obs_dim=19 (history_len=1, features/step=19; mode=full, past_gen=True, prev_reward=True, demand_shock=±$0.00) | baseline avg LMP=$36.41
==============================================================================
DISCRETE COURNOT GAME -- NETWORKED MARKET  [MARKET_CONFIG=three_firm_dist]
==============================================================================
agents=3  plants=3  k=15  |A_i|=15 each  profiles=3375  |S|(perfect)=3375
xi=0.2  h=2  m=8.0  deterministic=False  price node=1  nash_mode=br

Continuous benchmarks (repo solvers, per PLANT):
  competitive  gen= 395.44  avgLMP=$ 27.03  pi=$ 1831.01  plants=[118.44, 138.76, 138.24]
  nash         gen= 207.63  avgLMP=$ 58.13  pi=$ 8089.31  plants=[61.86, 107.55, 38.21]
  monopoly     gen= 213.40  avgLMP=$ 57.16  pi=$ 8168.66  plants=[71.68, 72.68, 69.05]
  nash(BR)     gen= 306.63  avgLMP=$ 41.83  pi=$ 6514.81  plants=[100.03, 102.06, 104.54]
  mono(direct) gen= 213.40  avgLMP=$ 57.16  pi=$ 8168.56  plants=[71.68, 72.69, 69.03]
    (MPEC monopoly earns $8168.56; grid centred on the DIRECT solution)

  ^ the LCP 'nash' is NOT an equilibrium of the game the algorithms play:
    it gives each firm its OWN node's inverse-demand slope, which is only
    right when that node is islanded by congestion. Measured max unilateral
    deviation gain at the LCP point: $1,287.58 (at the BR point: $0.00).
    Delta is measured against nash(BR).

Per-firm action grid (TOTAL MW; internal split = least-cost dispatch):
  firm 0 (plants [0], nodes [0], cap 135): [  66.01 ...  105.70] step  2.83   (q^M= 71.68, q^N=100.03)
  firm 1 (plants [1], nodes [1], cap 145): [  66.81 ...  107.93] step  2.94   (q^M= 72.69, q^N=102.06)
  firm 2 (plants [2], nodes [2], cap 155): [  61.93 ...  111.64] step  3.55   (q^M= 69.03, q^N=104.54)
  max |shadow price| over the whole grid: 15.5
    ^ every firm owns ONE plant, so there is no internal split to make and congestion is simply part of the payoff

Imperfect monitoring:
  intercept shock u = +/- 4.283 $/MWh  (levels [-4.28, 4.28])
  price impact of ONE output step (3.11 MW) = $0.535/MWh -> shock = 8 steps (paper m=8)
  hub LMP (node 1) $33.74 - $64.56 in 51 bins of $0.616
  non-revealing price states: measured 0.962 (paper closed form: 0.568)

Grid benchmarks (these define Delta):
  nash      a=[12, 12, 12] gen= 306.63  hubP=$ 41.24  pi=$ 6514.81  firms=[2174.1, 2184.9, 2155.8]
            plants=[100.03, 102.06, 104.54]
  monopoly  a=[2, 2, 2] gen= 213.40  hubP=$ 57.16  pi=$ 8168.56  firms=[2790.9, 2793.6, 2584.1]
            plants=[71.68, 72.69, 69.03]
  pure NE (1 found)
  Nash->Monopoly profit gap: $1653.8 (25.4%)
  per-firm cartel IR margins: [616.8, 608.7, 428.3] (ALL POSITIVE)
==============================================================================

>>> imperfect_stochastic_d07: monitoring=imperfect (price bins (|S| = 51)), sessions=500, alpha=0.15, beta=4e-06, delta=0.7

    t=  100,000  eps=0.6703  learning= 500/500  q=[ 93.8  98.1 101.2]  Delta=+0.239  [88s]
    t=  200,000  eps=0.4493  learning= 500/500  q=[ 93.   96.7 100.2]  Delta=+0.292  [178s]
    t=  300,000  eps=0.3012  learning= 500/500  q=[92.4 95.6 99.3]  Delta=+0.330  [263s]
    t=  400,000  eps=0.2019  learning= 500/500  q=[91.7 94.6 98.6]  Delta=+0.364  [358s]
    t=  500,000  eps=0.1353  learning= 500/500  q=[91.1 93.7 97.9]  Delta=+0.396  [456s]
    t=  600,000  eps=0.0907  learning= 500/500  q=[90.5 92.9 97.4]  Delta=+0.423  [555s]
    t=  700,000  eps=0.0608  learning= 500/500  q=[90.2 92.4 96.7]  Delta=+0.445  [652s]
    t=  800,000  eps=0.0408  learning= 500/500  q=[89.7 91.8 96.7]  Delta=+0.460  [772s]
    t=  900,000  eps=0.0273  learning= 500/500  q=[89.2 91.3 96.2]  Delta=+0.481  [875s]
    t=1,000,000  eps=0.0183  learning= 500/500  q=[89.  90.7 95.8]  Delta=+0.498  [973s]
    t=1,100,000  eps=0.0123  learning= 500/500  q=[88.6 90.2 95.7]  Delta=+0.513  [1076s]
    t=1,200,000  eps=0.0082  learning= 500/500  q=[88.3 89.5 95.6]  Delta=+0.528  [1217s]
    t=1,300,000  eps=0.0055  learning= 500/500  q=[88.2 89.6 95.6]  Delta=+0.530  [1418s]
    t=1,400,000  eps=0.0037  learning= 500/500  q=[88.  89.1 95. ]  Delta=+0.548  [1676s]
    t=1,500,000  eps=0.0025  learning= 500/500  q=[87.8 88.9 94.8]  Delta=+0.557  [1952s]
    t=1,600,000  eps=0.0017  learning= 500/500  q=[87.7 88.7 94.4]  Delta=+0.567  [2282s]
    t=1,700,000  eps=0.0011  learning= 500/500  q=[87.5 88.7 94.4]  Delta=+0.570  [2588s]
    t=1,800,000  eps=0.0007  learning= 500/500  q=[87.6 88.5 94.3]  Delta=+0.572  [2842s]
    t=1,900,000  eps=0.0005  learning= 500/500  q=[87.5 88.  94. ]  Delta=+0.584  [3153s]
    t=2,000,000  eps=0.0003  learning= 499/500  q=[87.2 88.  94.1]  Delta=+0.588  [3481s]
    t=2,100,000  eps=0.0002  learning= 497/500  q=[87.  87.8 94. ]  Delta=+0.594  [3787s]
    t=2,200,000  eps=0.0002  learning= 486/500  q=[86.9 87.7 93.5]  Delta=+0.602  [4100s]
    t=2,300,000  eps=0.0001  learning= 462/500  q=[86.9 87.6 93.8]  Delta=+0.601  [4426s]
    t=2,400,000  eps=0.0001  learning= 422/500  q=[86.7 87.3 93.5]  Delta=+0.610  [4716s]
    t=2,500,000  eps=0.0000  learning= 383/500  q=[86.8 87.3 93.5]  Delta=+0.608  [4924s]
    t=2,600,000  eps=0.0000  learning= 313/500  q=[86.6 87.2 93.2]  Delta=+0.617  [5167s]
    t=2,700,000  eps=0.0000  learning= 246/500  q=[86.4 87.1 93.1]  Delta=+0.621  [5758s]
    t=2,800,000  eps=0.0000  learning= 184/500  q=[86.4 87.1 93.1]  Delta=+0.623  [7282s]
    t=2,900,000  eps=0.0000  learning= 133/500  q=[86.4 87.  93. ]  Delta=+0.625  [7966s]
    t=3,000,000  eps=0.0000  learning=  88/500  q=[86.3 86.9 93. ]  Delta=+0.627  [8544s]
    t=3,100,000  eps=0.0000  learning=  64/500  q=[86.3 87.  93. ]  Delta=+0.626  [8646s]
    t=3,200,000  eps=0.0000  learning=  49/500  q=[86.3 86.9 93. ]  Delta=+0.627  [8743s]
    t=3,300,000  eps=0.0000  learning=  34/500  q=[86.3 86.9 93. ]  Delta=+0.628  [8832s]
    t=3,400,000  eps=0.0000  learning=  16/500  q=[86.3 86.9 93. ]  Delta=+0.628  [8922s]
    t=3,500,000  eps=0.0000  learning=  13/500  q=[86.3 86.9 93. ]  Delta=+0.628  [9222s]
    t=3,600,000  eps=0.0000  learning=   6/500  q=[86.2 86.9 93. ]  Delta=+0.628  [9529s]
    t=3,700,000  eps=0.0000  learning=   4/500  q=[86.3 86.9 93. ]  Delta=+0.628  [9837s]
    t=3,800,000  eps=0.0000  learning=   2/500  q=[86.3 86.9 92.9]  Delta=+0.628  [10095s]
    t=3,900,000  eps=0.0000  learning=   2/500  q=[86.3 86.9 93. ]  Delta=+0.628  [10353s]
    t=4,000,000  eps=0.0000  learning=   1/500  q=[86.3 86.9 93. ]  Delta=+0.628  [10603s]

=== imperfect_stochastic_d07 DONE in 176.7 min ===
  sessions converged      : 99.8% (median at 2,695,259 iterations)
  DELTA (profit gain)     : 62.81%  (+/- 0.29 s.e.)
  Delta per firm          : [50.5, 52.0, 95.9] %
  total generation        : 266.1 MW   (Nash 306.6 -> Monopoly 213.4)
  hub LMP                 : $48.35      (Nash $41.24 -> Monopoly $57.16)
  qty-weighted avg LMP    : $48.48
  non-revealing prices    : 0.962
