[ElectricityMarketEnv] obs_dim=19 (history_len=1, features/step=19; mode=full, past_gen=True, prev_reward=True, demand_shock=±$0.00) | baseline avg LMP=$36.41
==============================================================================
DISCRETE COURNOT GAME -- NETWORKED MARKET  [MARKET_CONFIG=three_firm_dist]
==============================================================================
agents=3  plants=3  k=15  |A_i|=15 each  profiles=3375  |S|(perfect)=3375
xi=0.2  h=1  m=8.0  deterministic=True  price node=1  nash_mode=br

Continuous benchmarks (repo solvers, per PLANT):
  competitive  gen= 395.44  avgLMP=$ 27.03  pi=$ 1831.01  plants=[118.44, 138.76, 138.24]
  nash         gen= 207.63  avgLMP=$ 58.13  pi=$ 8089.31  plants=[61.86, 107.55, 38.21]
  monopoly     gen= 213.40  avgLMP=$ 57.16  pi=$ 8168.66  plants=[71.68, 72.68, 69.05]
  nash(BR)     gen= 306.63  avgLMP=$ 41.83  pi=$ 6514.81  plants=[100.03, 102.06, 104.54]
  mono(direct) gen= 213.40  avgLMP=$ 57.16  pi=$ 8168.56  plants=[71.68, 72.69, 69.03]
    (MPEC monopoly earns $8168.56; grid centred on the DIRECT solution)

  ^ the LCP 'nash' is NOT an equilibrium of the game the algorithms play:
    it gives each firm its OWN node's inverse-demand slope, which is only
    right when that node is islanded by congestion. Measured max unilateral
    deviation gain at the LCP point: $1,287.58 (at the BR point: $0.00).
    Delta is measured against nash(BR).

Per-firm action grid (TOTAL MW; internal split = least-cost dispatch):
  firm 0 (plants [0], nodes [0], cap 135): [  66.01 ...  105.70] step  2.83   (q^M= 71.68, q^N=100.03)
  firm 1 (plants [1], nodes [1], cap 145): [  66.81 ...  107.93] step  2.94   (q^M= 72.69, q^N=102.06)
  firm 2 (plants [2], nodes [2], cap 155): [  61.93 ...  111.64] step  3.55   (q^M= 69.03, q^N=104.54)
  max |shadow price| over the whole grid: 15.5
    ^ every firm owns ONE plant, so there is no internal split to make and congestion is simply part of the payoff

Imperfect monitoring:
  intercept shock u = +/- 0.000 $/MWh  (levels [0.0])
  hub LMP (node 1) $38.02 - $60.28 in 43 bins of $0.530
  non-revealing price states: measured 0.936 (paper closed form: 0.000)

Grid benchmarks (these define Delta):
  nash      a=[12, 12, 12] gen= 306.63  hubP=$ 41.24  pi=$ 6514.81  firms=[2174.1, 2184.9, 2155.8]
            plants=[100.03, 102.06, 104.54]
  monopoly  a=[2, 2, 2] gen= 213.40  hubP=$ 57.16  pi=$ 8168.56  firms=[2790.9, 2793.6, 2584.1]
            plants=[71.68, 72.69, 69.03]
  pure NE (1 found)
  Nash->Monopoly profit gap: $1653.8 (25.4%)
  per-firm cartel IR margins: [616.8, 608.7, 428.3] (ALL POSITIVE)
==============================================================================

>>> imperfect_deterministic: monitoring=imperfect (price bins (|S| = 43)), sessions=1000, alpha=0.15, beta=4e-06, delta=0.95

    t=  100,000  eps=0.6703  learning=1000/1000  q=[ 94.   99.2 103.5]  Delta=+0.168  [90s]
    t=  200,000  eps=0.4493  learning=1000/1000  q=[ 92.5  96.7 101.4]  Delta=+0.252  [184s]
    t=  300,000  eps=0.3012  learning=1000/1000  q=[ 91.9  95.3 100.6]  Delta=+0.299  [287s]
    t=  400,000  eps=0.2019  learning=1000/1000  q=[91.9 95.  99.7]  Delta=+0.324  [399s]
    t=  500,000  eps=0.1353  learning=1000/1000  q=[91.3 94.2 98.2]  Delta=+0.366  [530s]
    t=  600,000  eps=0.0907  learning=1000/1000  q=[89.9 92.6 97.2]  Delta=+0.425  [692s]
    t=  700,000  eps=0.0608  learning=1000/1000  q=[88.5 91.1 95.7]  Delta=+0.489  [859s]
    t=  800,000  eps=0.0408  learning=1000/1000  q=[87.2 89.5 93.9]  Delta=+0.551  [1039s]
    t=  900,000  eps=0.0273  learning=1000/1000  q=[85.8 88.  93. ]  Delta=+0.601  [1216s]
    t=1,000,000  eps=0.0183  learning=1000/1000  q=[84.3 86.4 91.5]  Delta=+0.660  [1432s]
    t=1,100,000  eps=0.0123  learning=1000/1000  q=[83.4 85.4 90.3]  Delta=+0.702  [1614s]
    t=1,200,000  eps=0.0082  learning=1000/1000  q=[82.5 84.5 89.2]  Delta=+0.735  [1855s]
    t=1,300,000  eps=0.0055  learning=1000/1000  q=[82.  84.  88.6]  Delta=+0.756  [2275s]
    t=1,400,000  eps=0.0037  learning=1000/1000  q=[81.2 83.1 87.4]  Delta=+0.789  [2817s]
    t=1,500,000  eps=0.0025  learning= 993/1000  q=[81.  82.6 87. ]  Delta=+0.800  [3311s]
    t=1,600,000  eps=0.0017  learning= 951/1000  q=[80.8 82.4 86.8]  Delta=+0.808  [3877s]
    t=1,700,000  eps=0.0011  learning= 847/1000  q=[80.4 82.1 86.3]  Delta=+0.822  [4449s]
    t=1,800,000  eps=0.0007  learning= 692/1000  q=[80.2 82.  86.3]  Delta=+0.827  [5032s]
    t=1,900,000  eps=0.0005  learning= 541/1000  q=[80.2 81.9 86.1]  Delta=+0.830  [5486s]
    t=2,000,000  eps=0.0003  learning= 408/1000  q=[80.1 81.9 86.1]  Delta=+0.832  [5945s]
    t=2,100,000  eps=0.0002  learning= 303/1000  q=[80.  81.8 86. ]  Delta=+0.834  [8224s]
    t=2,200,000  eps=0.0002  learning= 237/1000  q=[80.  81.8 86. ]  Delta=+0.835  [9165s]
    t=2,300,000  eps=0.0001  learning= 169/1000  q=[80.  81.8 86. ]  Delta=+0.836  [9338s]
    t=2,400,000  eps=0.0001  learning= 118/1000  q=[80.  81.8 86. ]  Delta=+0.836  [9500s]
    t=2,500,000  eps=0.0000  learning=  78/1000  q=[80.  81.8 86. ]  Delta=+0.836  [9995s]
    t=2,600,000  eps=0.0000  learning=  51/1000  q=[80.  81.8 85.9]  Delta=+0.836  [10519s]
    t=2,700,000  eps=0.0000  learning=  35/1000  q=[80.  81.8 86. ]  Delta=+0.836  [10977s]
    t=2,800,000  eps=0.0000  learning=  22/1000  q=[80.  81.8 86. ]  Delta=+0.836  [11374s]
    t=2,900,000  eps=0.0000  learning=  13/1000  q=[80.  81.8 86. ]  Delta=+0.836  [11790s]
    t=3,000,000  eps=0.0000  learning=   4/1000  q=[80.  81.8 86. ]  Delta=+0.836  [12034s]
    t=3,100,000  eps=0.0000  learning=   2/1000  q=[80.  81.8 86. ]  Delta=+0.836  [12278s]

=== imperfect_deterministic DONE in 207.4 min ===
  sessions converged      : 100.0% (median at 1,929,249 iterations)
  DELTA (profit gain)     : 83.57%  (+/- 0.24 s.e.)
  Delta per firm          : [69.6, 72.9, 118.8] %
  total generation        : 247.8 MW   (Nash 306.6 -> Monopoly 213.4)
  hub LMP                 : $51.38      (Nash $41.24 -> Monopoly $57.16)
  qty-weighted avg LMP    : $51.46
  non-revealing prices    : 0.936
