[ElectricityMarketEnv] obs_dim=19 (history_len=1, features/step=19; mode=full, past_gen=True, prev_reward=True, demand_shock=±$0.00) | baseline avg LMP=$36.41
==============================================================================
DISCRETE COURNOT GAME -- NETWORKED MARKET  [MARKET_CONFIG=three_firm_dist]
==============================================================================
agents=3  plants=3  k=15  |A_i|=15 each  profiles=3375  |S|(perfect)=3375
xi=0.2  h=1  m=8.0  deterministic=True  price node=1  nash_mode=br

Continuous benchmarks (repo solvers, per PLANT):
  competitive  gen= 395.44  avgLMP=$ 27.03  pi=$ 1831.01  plants=[118.44, 138.76, 138.24]
  nash         gen= 207.63  avgLMP=$ 58.13  pi=$ 8089.31  plants=[61.86, 107.55, 38.21]
  monopoly     gen= 213.40  avgLMP=$ 57.16  pi=$ 8168.66  plants=[71.68, 72.68, 69.05]
  nash(BR)     gen= 306.63  avgLMP=$ 41.83  pi=$ 6514.81  plants=[100.03, 102.06, 104.54]
  mono(direct) gen= 213.40  avgLMP=$ 57.16  pi=$ 8168.56  plants=[71.68, 72.69, 69.03]
    (MPEC monopoly earns $8168.56; grid centred on the DIRECT solution)

  ^ the LCP 'nash' is NOT an equilibrium of the game the algorithms play:
    it gives each firm its OWN node's inverse-demand slope, which is only
    right when that node is islanded by congestion. Measured max unilateral
    deviation gain at the LCP point: $1,287.58 (at the BR point: $0.00).
    Delta is measured against nash(BR).

Per-firm action grid (TOTAL MW; internal split = least-cost dispatch):
  firm 0 (plants [0], nodes [0], cap 135): [  66.01 ...  105.70] step  2.83   (q^M= 71.68, q^N=100.03)
  firm 1 (plants [1], nodes [1], cap 145): [  66.81 ...  107.93] step  2.94   (q^M= 72.69, q^N=102.06)
  firm 2 (plants [2], nodes [2], cap 155): [  61.93 ...  111.64] step  3.55   (q^M= 69.03, q^N=104.54)
  max |shadow price| over the whole grid: 15.5
    ^ every firm owns ONE plant, so there is no internal split to make and congestion is simply part of the payoff

Imperfect monitoring:
  intercept shock u = +/- 0.000 $/MWh  (levels [0.0])
  hub LMP (node 1) $38.02 - $60.28 in 43 bins of $0.530
  non-revealing price states: measured 0.936 (paper closed form: 0.000)

Grid benchmarks (these define Delta):
  nash      a=[12, 12, 12] gen= 306.63  hubP=$ 41.24  pi=$ 6514.81  firms=[2174.1, 2184.9, 2155.8]
            plants=[100.03, 102.06, 104.54]
  monopoly  a=[2, 2, 2] gen= 213.40  hubP=$ 57.16  pi=$ 8168.56  firms=[2790.9, 2793.6, 2584.1]
            plants=[71.68, 72.69, 69.03]
  pure NE (1 found)
  Nash->Monopoly profit gap: $1653.8 (25.4%)
  per-firm cartel IR margins: [616.8, 608.7, 428.3] (ALL POSITIVE)
==============================================================================

>>> rich_deterministic: monitoring=rich (rich market signal [price, pocket_lmp, congestion, total_demand] (|S| = 116)), sessions=1000, alpha=0.15, beta=4e-06, delta=0.95

    t=  100,000  eps=0.6703  learning=1000/1000  q=[ 96.1  94.6 103.8]  Delta=+0.190  [97s]
    t=  200,000  eps=0.4493  learning=1000/1000  q=[ 94.6  90.  101.7]  Delta=+0.307  [199s]
    t=  300,000  eps=0.3012  learning=1000/1000  q=[93.3 89.6 99.9]  Delta=+0.357  [311s]
    t=  400,000  eps=0.2019  learning=1000/1000  q=[92.4 89.9 99.2]  Delta=+0.377  [433s]
    t=  500,000  eps=0.1353  learning=1000/1000  q=[92.  91.9 98.7]  Delta=+0.369  [581s]
    t=  600,000  eps=0.0907  learning=1000/1000  q=[91.8 91.8 97.8]  Delta=+0.389  [757s]
    t=  700,000  eps=0.0608  learning=1000/1000  q=[90.6 90.6 96.9]  Delta=+0.439  [933s]
    t=  800,000  eps=0.0408  learning=1000/1000  q=[88.8 89.6 95.5]  Delta=+0.502  [1132s]
    t=  900,000  eps=0.0273  learning=1000/1000  q=[87.5 88.6 94.1]  Delta=+0.559  [1334s]
    t=1,000,000  eps=0.0183  learning=1000/1000  q=[86.1 87.6 92.7]  Delta=+0.611  [1538s]
    t=1,100,000  eps=0.0123  learning=1000/1000  q=[84.6 86.2 91.2]  Delta=+0.668  [1745s]
    t=1,200,000  eps=0.0082  learning=1000/1000  q=[84.1 85.5 90.5]  Delta=+0.694  [2159s]
    t=1,300,000  eps=0.0055  learning=1000/1000  q=[83.1 84.7 89.4]  Delta=+0.732  [2687s]
    t=1,400,000  eps=0.0037  learning= 997/1000  q=[82.5 84.  88.9]  Delta=+0.752  [3258s]
    t=1,500,000  eps=0.0025  learning= 994/1000  q=[82.3 83.9 88.6]  Delta=+0.760  [3833s]
    t=1,600,000  eps=0.0017  learning= 967/1000  q=[81.8 83.7 88.1]  Delta=+0.776  [4443s]
    t=1,700,000  eps=0.0011  learning= 895/1000  q=[81.5 83.3 87.8]  Delta=+0.788  [5062s]
    t=1,800,000  eps=0.0007  learning= 754/1000  q=[81.4 83.2 87.7]  Delta=+0.792  [5528s]
    t=1,900,000  eps=0.0005  learning= 627/1000  q=[81.1 83.1 87.4]  Delta=+0.800  [6013s]
    t=2,000,000  eps=0.0003  learning= 487/1000  q=[81.1 83.  87.3]  Delta=+0.803  [8406s]
    t=2,100,000  eps=0.0002  learning= 368/1000  q=[81.  83.  87.3]  Delta=+0.805  [9212s]
    t=2,200,000  eps=0.0002  learning= 273/1000  q=[81.  83.  87.4]  Delta=+0.804  [9393s]
    t=2,300,000  eps=0.0001  learning= 195/1000  q=[81.  82.9 87.3]  Delta=+0.806  [9619s]
    t=2,400,000  eps=0.0001  learning= 121/1000  q=[81.  82.9 87.3]  Delta=+0.807  [10201s]
    t=2,500,000  eps=0.0000  learning=  87/1000  q=[81.  82.9 87.3]  Delta=+0.807  [10736s]
    t=2,600,000  eps=0.0000  learning=  55/1000  q=[81.  82.9 87.3]  Delta=+0.807  [11214s]
    t=2,700,000  eps=0.0000  learning=  25/1000  q=[81.  82.9 87.3]  Delta=+0.807  [11620s]
    t=2,800,000  eps=0.0000  learning=   4/1000  q=[81.  82.9 87.3]  Delta=+0.807  [11948s]
    t=2,900,000  eps=0.0000  learning=   3/1000  q=[81.  82.9 87.3]  Delta=+0.807  [12194s]
    t=3,000,000  eps=0.0000  learning=   1/1000  q=[81.  82.9 87.3]  Delta=+0.807  [12444s]

=== rich_deterministic DONE in 207.6 min ===
  sessions converged      : 100.0% (median at 1,988,049 iterations)
  DELTA (profit gain)     : 80.68%  (+/- 0.26 s.e.)
  Delta per firm          : [66.7, 70.0, 115.9] %
  total generation        : 251.1 MW   (Nash 306.6 -> Monopoly 213.4)
  hub LMP                 : $50.80      (Nash $41.24 -> Monopoly $57.16)
  qty-weighted avg LMP    : $50.91
  non-revealing prices    : 0.936
  rich state |S|          : 116 [price, pocket_lmp, congestion, total_demand]
  non-revealing STATES    : 0.779   (price-only 0.936, perfect 0.000)
