[ElectricityMarketEnv] obs_dim=19 (history_len=1, features/step=19; mode=full, past_gen=True, prev_reward=True, demand_shock=±$0.00) | baseline avg LMP=$30.18
==============================================================================
DISCRETE COURNOT GAME -- TWO-FIRM / THREE-PLANT NETWORKED MARKET
==============================================================================
agents=2  plants=3  k=15  |A_i|=15 each  profiles=225  |S|(perfect)=225
xi=0.2  h=2  m=8.0  deterministic=False  price node=1  nash_mode=br

Continuous benchmarks (repo solvers, per PLANT):
  competitive  gen= 448.67  avgLMP=$ 30.18  pi=$ 4160.26  plants=[115.0, 123.67, 210.0]
  nash         gen= 324.14  avgLMP=$ 40.39  pi=$ 6294.89  plants=[53.79, 107.0, 163.36]
  monopoly     gen= 267.55  avgLMP=$ 45.03  pi=$ 7408.39  plants=[115.0, 0.0, 152.55]
  nash(BR)     gen= 339.60  avgLMP=$ 39.12  pi=$ 6880.75  plants=[115.0, 43.19, 181.41]

  ^ the LCP 'nash' is NOT an equilibrium here: at that point firm 0
    gains by deviating (its plants straddle two nodes and no line binds).
    Delta is measured against nash(BR).

Per-firm action grid (TOTAL MW; internal split = least-cost dispatch):
  firm 0 (plants [0, 1], nodes [np.int64(0), np.int64(1)], cap 240): [ 106.36 ...  166.82] step  4.32   (q^M=115.00, q^N=158.19)
  firm 1 (plants [2], nodes [np.int64(1)], cap 210): [ 146.77 ...  187.18] step  2.89   (q^M=152.55, q^N=181.41)
  max |shadow price| over the whole grid: 2.85e-06 -> no congestion -> least-cost split is exactly profit-maximising

Imperfect monitoring:
  intercept shock u = +/- 2.362 $/MWh  (levels [-2.36, 2.36])
  price impact of ONE output step (3.60 MW) = $0.295/MWh -> shock = 8 steps (paper m=8)
  hub LMP (node 1) $35.58 - $48.57 in 37 bins of $0.361
  non-revealing price states: measured 0.292 (paper closed form: 0.304)

Grid benchmarks (these define Delta):
  nash      a=[12, 12] gen= 339.60  hubP=$ 39.12  pi=$ 6880.75  firms=[3525.7, 3355.0]
            plants=[115.0, 43.19, 181.41]
  monopoly  a=[2, 2] gen= 267.55  hubP=$ 45.03  pi=$ 7408.23  firms=[3598.3, 3810.0]
            plants=[115.0, 0.0, 152.55]
  pure NE (1 found)
  Nash->Monopoly profit gap: $527.5 (7.7%)
  per-firm cartel IR margins: [72.5, 454.9] (ALL POSITIVE)
==============================================================================

>>> imperfect_stochastic: monitoring=imperfect (price bins (|S| = 37)), sessions=1000, alpha=0.15, beta=4e-06, delta=0.95

    t=  100,000  eps=0.6703  learning=1000/1000  q=[151.9 172.6]  Delta=+0.301  [42s]
    t=  200,000  eps=0.4493  learning=1000/1000  q=[150.5 171.2]  Delta=+0.348  [84s]
    t=  300,000  eps=0.3012  learning=1000/1000  q=[149.7 170.8]  Delta=+0.369  [128s]
    t=  400,000  eps=0.2019  learning=1000/1000  q=[149.2 170.5]  Delta=+0.388  [171s]
    t=  500,000  eps=0.1353  learning=1000/1000  q=[148.7 170.4]  Delta=+0.396  [215s]
    t=  600,000  eps=0.0907  learning=1000/1000  q=[148.6 170.5]  Delta=+0.399  [258s]
    t=  700,000  eps=0.0608  learning=1000/1000  q=[148.4 170.2]  Delta=+0.406  [302s]
    t=  800,000  eps=0.0408  learning=1000/1000  q=[147.8 169.8]  Delta=+0.424  [347s]
    t=  900,000  eps=0.0273  learning=1000/1000  q=[147.1 168.9]  Delta=+0.452  [391s]
    t=1,000,000  eps=0.0183  learning=1000/1000  q=[146.3 167.9]  Delta=+0.486  [433s]
    t=1,100,000  eps=0.0123  learning=1000/1000  q=[145.8 167.8]  Delta=+0.497  [475s]
    t=1,200,000  eps=0.0082  learning=1000/1000  q=[144.9 166.7]  Delta=+0.532  [518s]
    t=1,300,000  eps=0.0055  learning=1000/1000  q=[144.5 166.3]  Delta=+0.546  [561s]
    t=1,400,000  eps=0.0037  learning=1000/1000  q=[144.  165.6]  Delta=+0.567  [604s]
    t=1,500,000  eps=0.0025  learning= 999/1000  q=[143.5 165.2]  Delta=+0.583  [648s]
    t=1,600,000  eps=0.0017  learning= 996/1000  q=[143.3 165.1]  Delta=+0.588  [692s]
    t=1,700,000  eps=0.0011  learning= 970/1000  q=[142.7 164.5]  Delta=+0.609  [735s]
    t=1,800,000  eps=0.0007  learning= 900/1000  q=[142.4 164.2]  Delta=+0.620  [779s]
    t=1,900,000  eps=0.0005  learning= 798/1000  q=[142.3 164.1]  Delta=+0.623  [822s]
    t=2,000,000  eps=0.0003  learning= 657/1000  q=[142.2 163.9]  Delta=+0.628  [865s]
    t=2,100,000  eps=0.0002  learning= 507/1000  q=[142.  163.8]  Delta=+0.634  [907s]
    t=2,200,000  eps=0.0002  learning= 355/1000  q=[142.  163.8]  Delta=+0.636  [959s]
    t=2,300,000  eps=0.0001  learning= 223/1000  q=[141.8 163.6]  Delta=+0.641  [1008s]
    t=2,400,000  eps=0.0001  learning= 131/1000  q=[141.8 163.6]  Delta=+0.641  [1050s]
    t=2,500,000  eps=0.0000  learning=  65/1000  q=[141.8 163.6]  Delta=+0.642  [1092s]
    t=2,600,000  eps=0.0000  learning=  35/1000  q=[141.8 163.6]  Delta=+0.642  [1134s]
    t=2,700,000  eps=0.0000  learning=  16/1000  q=[141.8 163.6]  Delta=+0.641  [1175s]
    t=2,800,000  eps=0.0000  learning=   4/1000  q=[141.8 163.6]  Delta=+0.642  [1217s]
    t=2,900,000  eps=0.0000  learning=   1/1000  q=[141.8 163.6]  Delta=+0.642  [1258s]

=== imperfect_stochastic DONE in 21.4 min ===
  sessions converged      : 100.0% (median at 2,102,583 iterations)
  DELTA (profit gain)     : 64.14%  (+/- 0.34 s.e.)
  Delta per firm          : [222.0, 39.0] %
  total generation        : 305.4 MW   (Nash 339.6 -> Monopoly 267.5)
  hub LMP                 : $41.93      (Nash $39.12 -> Monopoly $45.03)
  qty-weighted avg LMP    : $41.93
  non-revealing prices    : 0.292
[ElectricityMarketEnv] obs_dim=19 (history_len=1, features/step=19; mode=full, past_gen=True, prev_reward=True, demand_shock=±$0.00) | baseline avg LMP=$30.18
==============================================================================
DISCRETE COURNOT GAME -- TWO-FIRM / THREE-PLANT NETWORKED MARKET
==============================================================================
agents=2  plants=3  k=15  |A_i|=15 each  profiles=225  |S|(perfect)=225
xi=0.2  h=1  m=8.0  deterministic=True  price node=1  nash_mode=br

Continuous benchmarks (repo solvers, per PLANT):
  competitive  gen= 448.67  avgLMP=$ 30.18  pi=$ 4160.26  plants=[115.0, 123.67, 210.0]
  nash         gen= 324.14  avgLMP=$ 40.39  pi=$ 6294.89  plants=[53.79, 107.0, 163.36]
  monopoly     gen= 267.55  avgLMP=$ 45.03  pi=$ 7408.39  plants=[115.0, 0.0, 152.55]
  nash(BR)     gen= 339.60  avgLMP=$ 39.12  pi=$ 6880.75  plants=[115.0, 43.19, 181.41]

  ^ the LCP 'nash' is NOT an equilibrium here: at that point firm 0
    gains by deviating (its plants straddle two nodes and no line binds).
    Delta is measured against nash(BR).

Per-firm action grid (TOTAL MW; internal split = least-cost dispatch):
  firm 0 (plants [0, 1], nodes [np.int64(0), np.int64(1)], cap 240): [ 106.36 ...  166.82] step  4.32   (q^M=115.00, q^N=158.19)
  firm 1 (plants [2], nodes [np.int64(1)], cap 210): [ 146.77 ...  187.18] step  2.89   (q^M=152.55, q^N=181.41)
  max |shadow price| over the whole grid: 2.85e-06 -> no congestion -> least-cost split is exactly profit-maximising

Imperfect monitoring:
  intercept shock u = +/- 0.000 $/MWh  (levels [0.0])
  hub LMP (node 1) $37.94 - $46.21 in 29 bins of $0.295
  non-revealing price states: measured 0.115 (paper closed form: 0.000)

Grid benchmarks (these define Delta):
  nash      a=[12, 12] gen= 339.60  hubP=$ 39.12  pi=$ 6880.75  firms=[3525.7, 3355.0]
            plants=[115.0, 43.19, 181.41]
  monopoly  a=[2, 2] gen= 267.55  hubP=$ 45.03  pi=$ 7408.23  firms=[3598.3, 3810.0]
            plants=[115.0, 0.0, 152.55]
  pure NE (1 found)
  Nash->Monopoly profit gap: $527.5 (7.7%)
  per-firm cartel IR margins: [72.5, 454.9] (ALL POSITIVE)
==============================================================================

>>> imperfect_deterministic: monitoring=imperfect (price bins (|S| = 29)), sessions=1000, alpha=0.15, beta=4e-06, delta=0.95

    t=  100,000  eps=0.6703  learning=1000/1000  q=[156.6 174. ]  Delta=+0.171  [45s]
    t=  200,000  eps=0.4493  learning=1000/1000  q=[155.2 172.8]  Delta=+0.226  [89s]
    t=  300,000  eps=0.3012  learning=1000/1000  q=[153.5 173.4]  Delta=+0.250  [134s]
    t=  400,000  eps=0.2019  learning=1000/1000  q=[151.4 173. ]  Delta=+0.294  [179s]
    t=  500,000  eps=0.1353  learning=1000/1000  q=[150.2 171.9]  Delta=+0.336  [224s]
    t=  600,000  eps=0.0907  learning=1000/1000  q=[148.5 170. ]  Delta=+0.397  [269s]
    t=  700,000  eps=0.0608  learning=1000/1000  q=[146.  167.7]  Delta=+0.478  [314s]
    t=  800,000  eps=0.0408  learning=1000/1000  q=[143.9 164.9]  Delta=+0.558  [356s]
    t=  900,000  eps=0.0273  learning=1000/1000  q=[141.1 162.3]  Delta=+0.641  [405s]
    t=1,000,000  eps=0.0183  learning=1000/1000  q=[139.2 160.5]  Delta=+0.701  [451s]
    t=1,100,000  eps=0.0123  learning=1000/1000  q=[137.5 159.3]  Delta=+0.745  [494s]
    t=1,200,000  eps=0.0082  learning= 999/1000  q=[136.2 158.1]  Delta=+0.783  [539s]
    t=1,300,000  eps=0.0055  learning= 999/1000  q=[135.4 157.3]  Delta=+0.804  [585s]
    t=1,400,000  eps=0.0037  learning= 998/1000  q=[134.8 156.8]  Delta=+0.820  [668s]
    t=1,500,000  eps=0.0025  learning= 991/1000  q=[134.6 156.5]  Delta=+0.829  [713s]
    t=1,600,000  eps=0.0017  learning= 969/1000  q=[134.3 156.2]  Delta=+0.837  [758s]
    t=1,700,000  eps=0.0011  learning= 904/1000  q=[134.1 156.1]  Delta=+0.843  [802s]
    t=1,800,000  eps=0.0007  learning= 759/1000  q=[133.9 155.9]  Delta=+0.847  [845s]
    t=1,900,000  eps=0.0005  learning= 606/1000  q=[133.8 155.7]  Delta=+0.849  [887s]
    t=2,000,000  eps=0.0003  learning= 444/1000  q=[133.8 155.7]  Delta=+0.849  [929s]
    t=2,100,000  eps=0.0002  learning= 312/1000  q=[133.7 155.6]  Delta=+0.853  [971s]
    t=2,200,000  eps=0.0002  learning= 211/1000  q=[133.7 155.6]  Delta=+0.853  [1014s]
    t=2,300,000  eps=0.0001  learning= 146/1000  q=[133.6 155.6]  Delta=+0.854  [1057s]
    t=2,400,000  eps=0.0001  learning=  93/1000  q=[133.6 155.6]  Delta=+0.854  [1099s]
    t=2,500,000  eps=0.0000  learning=  61/1000  q=[133.6 155.6]  Delta=+0.854  [1141s]
    t=2,600,000  eps=0.0000  learning=  26/1000  q=[133.6 155.6]  Delta=+0.854  [1182s]
    t=2,700,000  eps=0.0000  learning=  10/1000  q=[133.6 155.6]  Delta=+0.854  [1224s]
    t=2,800,000  eps=0.0000  learning=   5/1000  q=[133.6 155.6]  Delta=+0.854  [1266s]
    t=2,900,000  eps=0.0000  learning=   1/1000  q=[133.6 155.6]  Delta=+0.854  [1307s]

=== imperfect_deterministic DONE in 22.2 min ===
  sessions converged      : 100.0% (median at 1,956,908 iterations)
  DELTA (profit gain)     : 85.41%  (+/- 0.26 s.e.)
  Delta per firm          : [288.6, 53.0] %
  total generation        : 289.2 MW   (Nash 339.6 -> Monopoly 267.5)
  hub LMP                 : $43.25      (Nash $39.12 -> Monopoly $45.03)
  qty-weighted avg LMP    : $43.25
  non-revealing prices    : 0.115
[ElectricityMarketEnv] obs_dim=19 (history_len=1, features/step=19; mode=full, past_gen=True, prev_reward=True, demand_shock=±$0.00) | baseline avg LMP=$30.18
==============================================================================
DISCRETE COURNOT GAME -- TWO-FIRM / THREE-PLANT NETWORKED MARKET
==============================================================================
agents=2  plants=3  k=15  |A_i|=15 each  profiles=225  |S|(perfect)=225
xi=0.2  h=2  m=8.0  deterministic=False  price node=1  nash_mode=br

Continuous benchmarks (repo solvers, per PLANT):
  competitive  gen= 448.67  avgLMP=$ 30.18  pi=$ 4160.26  plants=[115.0, 123.67, 210.0]
  nash         gen= 324.14  avgLMP=$ 40.39  pi=$ 6294.89  plants=[53.79, 107.0, 163.36]
  monopoly     gen= 267.55  avgLMP=$ 45.03  pi=$ 7408.39  plants=[115.0, 0.0, 152.55]
  nash(BR)     gen= 339.60  avgLMP=$ 39.12  pi=$ 6880.75  plants=[115.0, 43.19, 181.41]

  ^ the LCP 'nash' is NOT an equilibrium here: at that point firm 0
    gains by deviating (its plants straddle two nodes and no line binds).
    Delta is measured against nash(BR).

Per-firm action grid (TOTAL MW; internal split = least-cost dispatch):
  firm 0 (plants [0, 1], nodes [np.int64(0), np.int64(1)], cap 240): [ 106.36 ...  166.82] step  4.32   (q^M=115.00, q^N=158.19)
  firm 1 (plants [2], nodes [np.int64(1)], cap 210): [ 146.77 ...  187.18] step  2.89   (q^M=152.55, q^N=181.41)
  max |shadow price| over the whole grid: 2.85e-06 -> no congestion -> least-cost split is exactly profit-maximising

Imperfect monitoring:
  intercept shock u = +/- 2.362 $/MWh  (levels [-2.36, 2.36])
  price impact of ONE output step (3.60 MW) = $0.295/MWh -> shock = 8 steps (paper m=8)
  hub LMP (node 1) $35.58 - $48.57 in 37 bins of $0.361
  non-revealing price states: measured 0.292 (paper closed form: 0.304)

Grid benchmarks (these define Delta):
  nash      a=[12, 12] gen= 339.60  hubP=$ 39.12  pi=$ 6880.75  firms=[3525.7, 3355.0]
            plants=[115.0, 43.19, 181.41]
  monopoly  a=[2, 2] gen= 267.55  hubP=$ 45.03  pi=$ 7408.23  firms=[3598.3, 3810.0]
            plants=[115.0, 0.0, 152.55]
  pure NE (1 found)
  Nash->Monopoly profit gap: $527.5 (7.7%)
  per-firm cartel IR margins: [72.5, 454.9] (ALL POSITIVE)
==============================================================================

>>> perfect_stochastic: monitoring=perfect (rivals' past output profile (|S| = 225)), sessions=1000, alpha=0.15, beta=4e-06, delta=0.95

    t=  100,000  eps=0.6703  learning=1000/1000  q=[154.6 175. ]  Delta=+0.203  [45s]
    t=  200,000  eps=0.4493  learning=1000/1000  q=[150.7 170.6]  Delta=+0.359  [92s]
    t=  300,000  eps=0.3012  learning=1000/1000  q=[148.2 169.4]  Delta=+0.422  [141s]
    t=  400,000  eps=0.2019  learning=1000/1000  q=[146.5 168.9]  Delta=+0.455  [186s]
    t=  500,000  eps=0.1353  learning=1000/1000  q=[145.6 168.8]  Delta=+0.469  [237s]
    t=  600,000  eps=0.0907  learning=1000/1000  q=[145.5 168.8]  Delta=+0.468  [284s]
    t=  700,000  eps=0.0608  learning=1000/1000  q=[146.  169.3]  Delta=+0.453  [329s]
    t=  800,000  eps=0.0408  learning=1000/1000  q=[147.6 169.7]  Delta=+0.420  [373s]
    t=  900,000  eps=0.0273  learning=1000/1000  q=[147.8 170.7]  Delta=+0.403  [423s]
    t=1,000,000  eps=0.0183  learning=1000/1000  q=[147.8 170.9]  Delta=+0.400  [468s]
    t=1,100,000  eps=0.0123  learning=1000/1000  q=[147.2 170.7]  Delta=+0.415  [511s]
    t=1,200,000  eps=0.0082  learning=1000/1000  q=[146.7 170.4]  Delta=+0.428  [555s]
    t=1,300,000  eps=0.0055  learning=1000/1000  q=[146.  169.5]  Delta=+0.456  [606s]
    t=1,400,000  eps=0.0037  learning=1000/1000  q=[145.7 168.8]  Delta=+0.473  [651s]
    t=1,500,000  eps=0.0025  learning=1000/1000  q=[144.6 167.7]  Delta=+0.509  [699s]
    t=1,600,000  eps=0.0017  learning=1000/1000  q=[143.9 167. ]  Delta=+0.531  [747s]
    t=1,700,000  eps=0.0011  learning=1000/1000  q=[143.2 166.1]  Delta=+0.559  [793s]
    t=1,800,000  eps=0.0007  learning=1000/1000  q=[142.6 165.4]  Delta=+0.581  [836s]
    t=1,900,000  eps=0.0005  learning=1000/1000  q=[141.8 164.8]  Delta=+0.604  [878s]
    t=2,000,000  eps=0.0003  learning= 999/1000  q=[141.4 164.3]  Delta=+0.621  [920s]
    t=2,100,000  eps=0.0002  learning= 999/1000  q=[141.5 164.3]  Delta=+0.619  [962s]
    t=2,200,000  eps=0.0002  learning= 996/1000  q=[140.7 163.5]  Delta=+0.646  [1004s]
    t=2,300,000  eps=0.0001  learning= 985/1000  q=[140.2 163.1]  Delta=+0.660  [1045s]
    t=2,400,000  eps=0.0001  learning= 951/1000  q=[140.1 162.8]  Delta=+0.668  [1087s]
    t=2,500,000  eps=0.0000  learning= 889/1000  q=[139.8 162.8]  Delta=+0.673  [1129s]
    t=2,600,000  eps=0.0000  learning= 747/1000  q=[139.5 162.5]  Delta=+0.680  [1173s]
    t=2,700,000  eps=0.0000  learning= 552/1000  q=[139.4 162.4]  Delta=+0.685  [1215s]
    t=2,800,000  eps=0.0000  learning= 355/1000  q=[139.2 162.3]  Delta=+0.690  [1256s]
    t=2,900,000  eps=0.0000  learning= 205/1000  q=[139.1 162.1]  Delta=+0.694  [1298s]
    t=3,000,000  eps=0.0000  learning=  88/1000  q=[139. 162.]  Delta=+0.699  [1339s]
    t=3,100,000  eps=0.0000  learning=  32/1000  q=[139. 162.]  Delta=+0.699  [1381s]
    t=3,200,000  eps=0.0000  learning=  18/1000  q=[138.9 162. ]  Delta=+0.700  [1422s]
    t=3,300,000  eps=0.0000  learning=   7/1000  q=[138.9 162. ]  Delta=+0.700  [1464s]
    t=3,400,000  eps=0.0000  learning=   1/1000  q=[138.9 162. ]  Delta=+0.701  [1505s]

=== perfect_stochastic DONE in 25.6 min ===
  sessions converged      : 100.0% (median at 2,727,523 iterations)
  DELTA (profit gain)     : 70.03%  (+/- 0.39 s.e.)
  Delta per firm          : [224.7, 45.4] %
  total generation        : 300.9 MW   (Nash 339.6 -> Monopoly 267.5)
  hub LMP                 : $42.29      (Nash $39.12 -> Monopoly $45.03)
  qty-weighted avg LMP    : $42.29
  non-revealing prices    : 0.292
[ElectricityMarketEnv] obs_dim=19 (history_len=1, features/step=19; mode=full, past_gen=True, prev_reward=True, demand_shock=±$0.00) | baseline avg LMP=$30.18
==============================================================================
DISCRETE COURNOT GAME -- TWO-FIRM / THREE-PLANT NETWORKED MARKET
==============================================================================
agents=2  plants=3  k=15  |A_i|=15 each  profiles=225  |S|(perfect)=225
xi=0.2  h=1  m=8.0  deterministic=True  price node=1  nash_mode=br

Continuous benchmarks (repo solvers, per PLANT):
  competitive  gen= 448.67  avgLMP=$ 30.18  pi=$ 4160.26  plants=[115.0, 123.67, 210.0]
  nash         gen= 324.14  avgLMP=$ 40.39  pi=$ 6294.89  plants=[53.79, 107.0, 163.36]
  monopoly     gen= 267.55  avgLMP=$ 45.03  pi=$ 7408.39  plants=[115.0, 0.0, 152.55]
  nash(BR)     gen= 339.60  avgLMP=$ 39.12  pi=$ 6880.75  plants=[115.0, 43.19, 181.41]

  ^ the LCP 'nash' is NOT an equilibrium here: at that point firm 0
    gains by deviating (its plants straddle two nodes and no line binds).
    Delta is measured against nash(BR).

Per-firm action grid (TOTAL MW; internal split = least-cost dispatch):
  firm 0 (plants [0, 1], nodes [np.int64(0), np.int64(1)], cap 240): [ 106.36 ...  166.82] step  4.32   (q^M=115.00, q^N=158.19)
  firm 1 (plants [2], nodes [np.int64(1)], cap 210): [ 146.77 ...  187.18] step  2.89   (q^M=152.55, q^N=181.41)
  max |shadow price| over the whole grid: 2.85e-06 -> no congestion -> least-cost split is exactly profit-maximising

Imperfect monitoring:
  intercept shock u = +/- 0.000 $/MWh  (levels [0.0])
  hub LMP (node 1) $37.94 - $46.21 in 29 bins of $0.295
  non-revealing price states: measured 0.115 (paper closed form: 0.000)

Grid benchmarks (these define Delta):
  nash      a=[12, 12] gen= 339.60  hubP=$ 39.12  pi=$ 6880.75  firms=[3525.7, 3355.0]
            plants=[115.0, 43.19, 181.41]
  monopoly  a=[2, 2] gen= 267.55  hubP=$ 45.03  pi=$ 7408.23  firms=[3598.3, 3810.0]
            plants=[115.0, 0.0, 152.55]
  pure NE (1 found)
  Nash->Monopoly profit gap: $527.5 (7.7%)
  per-firm cartel IR margins: [72.5, 454.9] (ALL POSITIVE)
==============================================================================

>>> perfect_deterministic: monitoring=perfect (rivals' past output profile (|S| = 225)), sessions=1000, alpha=0.15, beta=4e-06, delta=0.95

    t=  100,000  eps=0.6703  learning=1000/1000  q=[156.9 175.8]  Delta=+0.138  [45s]
    t=  200,000  eps=0.4493  learning=1000/1000  q=[153.7 170.3]  Delta=+0.305  [91s]
    t=  300,000  eps=0.3012  learning=1000/1000  q=[151.8 169.2]  Delta=+0.357  [143s]
    t=  400,000  eps=0.2019  learning=1000/1000  q=[150.4 169.7]  Delta=+0.373  [189s]
    t=  500,000  eps=0.1353  learning=1000/1000  q=[149.9 172.1]  Delta=+0.340  [234s]
    t=  600,000  eps=0.0907  learning=1000/1000  q=[150.3 171.7]  Delta=+0.340  [279s]
    t=  700,000  eps=0.0608  learning=1000/1000  q=[149.4 171.4]  Delta=+0.360  [323s]
    t=  800,000  eps=0.0408  learning=1000/1000  q=[148.2 170.7]  Delta=+0.392  [366s]
    t=  900,000  eps=0.0273  learning=1000/1000  q=[146.4 169.3]  Delta=+0.446  [409s]
    t=1,000,000  eps=0.0183  learning=1000/1000  q=[144.6 167.2]  Delta=+0.511  [451s]
    t=1,100,000  eps=0.0123  learning=1000/1000  q=[143.  165.4]  Delta=+0.569  [494s]
    t=1,200,000  eps=0.0082  learning=1000/1000  q=[140.5 162.9]  Delta=+0.645  [536s]
    t=1,300,000  eps=0.0055  learning=1000/1000  q=[139.  161.5]  Delta=+0.693  [579s]
    t=1,400,000  eps=0.0037  learning=1000/1000  q=[138.2 160.6]  Delta=+0.721  [622s]
    t=1,500,000  eps=0.0025  learning= 991/1000  q=[137.6 160. ]  Delta=+0.741  [665s]
    t=1,600,000  eps=0.0017  learning= 963/1000  q=[137.1 159.6]  Delta=+0.755  [716s]
    t=1,700,000  eps=0.0011  learning= 910/1000  q=[136.7 159.3]  Delta=+0.766  [766s]
    t=1,800,000  eps=0.0007  learning= 817/1000  q=[136.4 159. ]  Delta=+0.776  [814s]
    t=1,900,000  eps=0.0005  learning= 713/1000  q=[136.3 158.9]  Delta=+0.778  [863s]
    t=2,000,000  eps=0.0003  learning= 633/1000  q=[136.3 158.8]  Delta=+0.781  [911s]
    t=2,100,000  eps=0.0002  learning= 563/1000  q=[136.2 158.6]  Delta=+0.785  [958s]
    t=2,200,000  eps=0.0002  learning= 517/1000  q=[136.2 158.6]  Delta=+0.784  [1003s]
    t=2,300,000  eps=0.0001  learning= 470/1000  q=[136.2 158.6]  Delta=+0.784  [1047s]
    t=2,400,000  eps=0.0001  learning= 412/1000  q=[136.2 158.6]  Delta=+0.785  [1091s]
    t=2,500,000  eps=0.0000  learning= 337/1000  q=[136.2 158.6]  Delta=+0.785  [1135s]
    t=2,600,000  eps=0.0000  learning= 248/1000  q=[136.1 158.6]  Delta=+0.785  [1179s]
    t=2,700,000  eps=0.0000  learning= 159/1000  q=[136.2 158.6]  Delta=+0.785  [1228s]
    t=2,800,000  eps=0.0000  learning= 100/1000  q=[136.2 158.6]  Delta=+0.785  [1276s]
    t=2,900,000  eps=0.0000  learning=  48/1000  q=[136.2 158.6]  Delta=+0.785  [1323s]
    t=3,000,000  eps=0.0000  learning=  22/1000  q=[136.2 158.6]  Delta=+0.785  [1524s]
    t=3,100,000  eps=0.0000  learning=   3/1000  q=[136.2 158.6]  Delta=+0.785  [1574s]
    t=3,200,000  eps=0.0000  learning=   1/1000  q=[136.2 158.6]  Delta=+0.785  [1622s]

=== perfect_deterministic DONE in 27.5 min ===
  sessions converged      : 100.0% (median at 2,235,282 iterations)
  DELTA (profit gain)     : 78.51%  (+/- 0.43 s.e.)
  Delta per firm          : [262.0, 49.3] %
  total generation        : 294.7 MW   (Nash 339.6 -> Monopoly 267.5)
  hub LMP                 : $42.80      (Nash $39.12 -> Monopoly $45.03)
  qty-weighted avg LMP    : $42.80
  non-revealing prices    : 0.115

TABLE I - the impact of imperfect monitoring (profit gain Delta)
--------------------------------------------------------------
                      Deterministic Demand   Stochastic Demand
Perfect Monitoring                  78.51%              70.03%
Imperfect Monitoring                85.41%              64.14%
--------------------------------------------------------------
difference-in-differences (pure imperfect-monitoring effect): -12.79 pp
(paper baseline: -8.91 pp; 76.25 / 89.60 / 79.72 / 84.16)
